<?xml version="1.0" encoding="utf-8"?>
<TestRun id="4d520a3f-3c71-4dc5-b439-b1b0aa260f4e" name="srini@DESKTOP-CNR9OSN 2026-07-29 08:26:46" runUser="DESKTOP-CNR9OSN\srini" xmlns="http://microsoft.com/schemas/VisualStudio/TeamTest/2010">
  <Times creation="2026-07-29T08:26:46.9895010+05:30" queuing="2026-07-29T08:26:46.9895014+05:30" start="2026-07-29T08:26:35.0270567+05:30" finish="2026-07-29T08:29:13.2364658+05:30" />
  <TestSettings name="default" id="e10d3835-266c-4db8-9b74-c473e476a00a">
    <Deployment runDeploymentRoot="srini_DESKTOP-CNR9OSN_2026-07-29_08_26_46" />
  </TestSettings>
  <Results>
    <UnitTestResult executionId="b8115523-ffca-446e-8a87-da6267de3684" testId="3a0ad6a8-fd70-177c-f848-ce3dd46305a4" testName="Pharma.UiTests.ReportsUiTests.Every_report_tab_shows_its_own_content(header: &quot;Schedule H1 register&quot;, grid: &quot;ReportsH1Grid&quot;)" computerName="DESKTOP-CNR9OSN" duration="00:00:00.7080917" startTime="2026-07-29T08:28:19.7507583+05:30" endTime="2026-07-29T08:28:20.4587200+05:30" testType="13cdc9d9-ddb5-4fa4-a97d-d965ccfc6d4b" outcome="Passed" testListId="8c84fa94-04c1-424b-9868-57a2d4851a1d" relativeResultsDirectory="b8115523-ffca-446e-8a87-da6267de3684" />
    <UnitTestResult executionId="fd654939-4567-4b36-92b4-b660ec31b735" testId="35891994-f42d-37fb-03b2-ad87d180c44f" testName="Pharma.UiTests.ReportsUiTests.Every_report_tab_shows_its_own_content(header: &quot;Expiring soon&quot;, grid: &quot;ReportsExpiringGrid&quot;)" computerName="DESKTOP-CNR9OSN" duration="00:00:01.0785468" startTime="2026-07-29T08:28:14.5235174+05:30" endTime="2026-07-29T08:28:15.6013401+05:30" testType="13cdc9d9-ddb5-4fa4-a97d-d965ccfc6d4b" outcome="Passed" testListId="8c84fa94-04c1-424b-9868-57a2d4851a1d" relativeResultsDirectory="fd654939-4567-4b36-92b4-b660ec31b735" />
    <UnitTestResult executionId="5148c7ab-ff58-4003-9fc1-ad695e4771f8" testId="1d53fcfd-4836-480f-0e4a-0f6a2a5e672b" testName="Pharma.UiTests.OpdUiTests.Marking_a_visit_done_moves_the_tile_to_completed" computerName="DESKTOP-CNR9OSN" duration="00:00:04.1960445" startTime="2026-07-29T08:28:00.7786714+05:30" endTime="2026-07-29T08:28:04.9740934+05:30" testType="13cdc9d9-ddb5-4fa4-a97d-d965ccfc6d4b" outcome="Passed" testListId="8c84fa94-04c1-424b-9868-57a2d4851a1d" relativeResultsDirectory="5148c7ab-ff58-4003-9fc1-ad695e4771f8" />
    <UnitTestResult executionId="50f26343-2d19-4048-8f05-d61ba01a2f36" testId="0a92181a-862a-feab-7fe8-53c22b0a903f" testName="Pharma.UiTests.ReportsUiTests.Every_report_tab_shows_its_own_content(header: &quot;Part packs&quot;, grid: &quot;PartPacksGrid&quot;)" computerName="DESKTOP-CNR9OSN" duration="00:00:00.5934117" startTime="2026-07-29T08:28:20.4589890+05:30" endTime="2026-07-29T08:28:21.0523866+05:30" testType="13cdc9d9-ddb5-4fa4-a97d-d965ccfc6d4b" outcome="Passed" testListId="8c84fa94-04c1-424b-9868-57a2d4851a1d" relativeResultsDirectory="50f26343-2d19-4048-8f05-d61ba01a2f36" />
    <UnitTestResult executionId="422addbf-b139-4250-8879-8c0b17cad4f2" testId="7bd06895-9891-b5c6-4f35-0e06f169cc0d" testName="Pharma.UiTests.OpdUiTests.A_booked_patient_reaches_the_patient_register_with_a_number" computerName="DESKTOP-CNR9OSN" duration="00:00:03.3757322" startTime="2026-07-29T08:27:53.6898643+05:30" endTime="2026-07-29T08:27:57.0649507+05:30" testType="13cdc9d9-ddb5-4fa4-a97d-d965ccfc6d4b" outcome="Passed" testListId="8c84fa94-04c1-424b-9868-57a2d4851a1d" relativeResultsDirectory="422addbf-b139-4250-8879-8c0b17cad4f2" />
    <UnitTestResult executionId="9702b587-ec50-4100-987e-56fdb28fb368" testId="0682f1c0-8c19-387c-75fb-65db54d01ece" testName="Pharma.UiTests.ReportsUiTests.Every_report_tab_shows_its_own_content(header: &quot;Stock to reconcile&quot;, grid: &quot;ReconcileGrid&quot;)" computerName="DESKTOP-CNR9OSN" duration="00:00:00.6292462" startTime="2026-07-29T08:28:17.6426198+05:30" endTime="2026-07-29T08:28:18.2718164+05:30" testType="13cdc9d9-ddb5-4fa4-a97d-d965ccfc6d4b" outcome="Passed" testListId="8c84fa94-04c1-424b-9868-57a2d4851a1d" relativeResultsDirectory="9702b587-ec50-4100-987e-56fdb28fb368" />
    <UnitTestResult executionId="9f4c5b71-ffad-49c1-81eb-bd1bab53722f" testId="642fc631-3996-de7a-d917-f828bd1a3e05" testName="Pharma.UiTests.PharmacyUiTests.The_day_book_shows_the_bill_that_was_just_saved" computerName="DESKTOP-CNR9OSN" duration="00:00:08.3244951" startTime="2026-07-29T08:27:06.5728169+05:30" endTime="2026-07-29T08:27:14.8952401+05:30" testType="13cdc9d9-ddb5-4fa4-a97d-d965ccfc6d4b" outcome="Passed" testListId="8c84fa94-04c1-424b-9868-57a2d4851a1d" relativeResultsDirectory="9f4c5b71-ffad-49c1-81eb-bd1bab53722f" />
    <UnitTestResult executionId="7baadc58-cf9a-4acb-86b9-4c7052cb041e" testId="b28697a2-b103-9a4e-7265-c887d1e17e91" testName="Pharma.UiTests.ReportsUiTests.Reports_screen_opens_all_seven_tabs_and_the_stock_register_lists_real_stock" computerName="DESKTOP-CNR9OSN" duration="00:00:08.5758566" startTime="2026-07-29T08:28:30.9233035+05:30" endTime="2026-07-29T08:28:39.4986194+05:30" testType="13cdc9d9-ddb5-4fa4-a97d-d965ccfc6d4b" outcome="Passed" testListId="8c84fa94-04c1-424b-9868-57a2d4851a1d" relativeResultsDirectory="7baadc58-cf9a-4acb-86b9-4c7052cb041e" />
    <UnitTestResult executionId="54bbede6-a8b5-46e7-9252-bf551a1184ad" testId="97daeea4-b45e-48ca-16ed-a52dbc636e75" testName="Pharma.UiTests.ReportsUiTests.Every_report_tab_shows_its_own_content(header: &quot;Low stock&quot;, grid: &quot;ReportsLowStockGrid&quot;)" computerName="DESKTOP-CNR9OSN" duration="00:00:00.6718957" startTime="2026-07-29T08:28:18.2721812+05:30" endTime="2026-07-29T08:28:18.9439036+05:30" testType="13cdc9d9-ddb5-4fa4-a97d-d965ccfc6d4b" outcome="Passed" testListId="8c84fa94-04c1-424b-9868-57a2d4851a1d" relativeResultsDirectory="54bbede6-a8b5-46e7-9252-bf551a1184ad" />
    <UnitTestResult executionId="734e3a06-c214-4ec0-b166-23ed22141611" testId="f4fbd357-385d-bfd8-f2f8-21b9d00aef57" testName="Pharma.UiTests.ReportsUiTests.Every_report_tab_shows_its_own_content(header: &quot;OPD register&quot;, grid: &quot;ReportsOpdGrid&quot;)" computerName="DESKTOP-CNR9OSN" duration="00:00:00.6357482" startTime="2026-07-29T08:28:17.0073651+05:30" endTime="2026-07-29T08:28:17.6423941+05:30" testType="13cdc9d9-ddb5-4fa4-a97d-d965ccfc6d4b" outcome="Passed" testListId="8c84fa94-04c1-424b-9868-57a2d4851a1d" relativeResultsDirectory="734e3a06-c214-4ec0-b166-23ed22141611" />
    <UnitTestResult executionId="3c9ea2c1-a24e-4f63-95da-d6f8c360c896" testId="767cf13d-6a27-e48e-117a-e425565278f7" testName="Pharma.UiTests.ReportsUiTests.Every_report_tab_shows_its_own_content(header: &quot;Stock Register&quot;, grid: &quot;ReportsStockGrid&quot;)" computerName="DESKTOP-CNR9OSN" duration="00:00:00.7282243" startTime="2026-07-29T08:28:16.2783393+05:30" endTime="2026-07-29T08:28:17.0065005+05:30" testType="13cdc9d9-ddb5-4fa4-a97d-d965ccfc6d4b" outcome="Passed" testListId="8c84fa94-04c1-424b-9868-57a2d4851a1d" relativeResultsDirectory="3c9ea2c1-a24e-4f63-95da-d6f8c360c896" />
    <UnitTestResult executionId="437a2ef1-d69f-40c6-b315-b422109755ce" testId="5c868d44-da9a-d911-5899-7065f87de4a3" testName="Pharma.UiTests.ConsultationUiTests.Opening_a_consultation_from_a_tile_does_not_crash" computerName="DESKTOP-CNR9OSN" duration="00:00:05.2526190" startTime="2026-07-29T08:29:01.5437249+05:30" endTime="2026-07-29T08:29:06.7958233+05:30" testType="13cdc9d9-ddb5-4fa4-a97d-d965ccfc6d4b" outcome="Passed" testListId="8c84fa94-04c1-424b-9868-57a2d4851a1d" relativeResultsDirectory="437a2ef1-d69f-40c6-b315-b422109755ce" />
    <UnitTestResult executionId="7d6c5d52-817f-42f8-8216-7b771bf7d136" testId="2c7b2f56-50f0-6c66-9aba-5ecbfbd00ec8" testName="Pharma.UiTests.ReportsUiTests.Every_report_tab_shows_its_own_content(header: &quot;Day book&quot;, grid: &quot;ReportsDayBookGrid&quot;)" computerName="DESKTOP-CNR9OSN" duration="00:00:00.8064214" startTime="2026-07-29T08:28:18.9441844+05:30" endTime="2026-07-29T08:28:19.7505310+05:30" testType="13cdc9d9-ddb5-4fa4-a97d-d965ccfc6d4b" outcome="Passed" testListId="8c84fa94-04c1-424b-9868-57a2d4851a1d" relativeResultsDirectory="7d6c5d52-817f-42f8-8216-7b771bf7d136" />
    <UnitTestResult executionId="ed6fef6c-e202-4bd3-8adf-37c3d5f79db3" testId="30b08e7b-369b-324a-a58b-b0ff6f4d977b" testName="Pharma.UiTests.ConsultationUiTests.Leaving_with_unsaved_notes_asks_before_discarding_them" computerName="DESKTOP-CNR9OSN" duration="00:00:06.0864668" startTime="2026-07-29T08:29:06.7966267+05:30" endTime="2026-07-29T08:29:12.8825951+05:30" testType="13cdc9d9-ddb5-4fa4-a97d-d965ccfc6d4b" outcome="Passed" testListId="8c84fa94-04c1-424b-9868-57a2d4851a1d" relativeResultsDirectory="ed6fef6c-e202-4bd3-8adf-37c3d5f79db3" />
    <UnitTestResult executionId="ac213b21-67d6-4dff-8506-a743b173e6d7" testId="1f616902-db9a-5d33-1f4e-b1a03a732a0c" testName="Pharma.UiTests.OpdUiTests.Editing_a_patient_saves_the_change" computerName="DESKTOP-CNR9OSN" duration="00:00:06.0957787" startTime="2026-07-29T08:27:44.0176750+05:30" endTime="2026-07-29T08:27:50.1129331+05:30" testType="13cdc9d9-ddb5-4fa4-a97d-d965ccfc6d4b" outcome="Passed" testListId="8c84fa94-04c1-424b-9868-57a2d4851a1d" relativeResultsDirectory="ac213b21-67d6-4dff-8506-a743b173e6d7" />
    <UnitTestResult executionId="c69c8f56-9742-4bca-a09d-bb4e4013dcd0" testId="4c3eaea8-7f72-0c2d-e4f1-fcec4f9a3a8c" testName="Pharma.UiTests.OpdUiTests.Booking_a_walk_in_puts_a_tile_in_the_waiting_column" computerName="DESKTOP-CNR9OSN" duration="00:00:04.4051725" startTime="2026-07-29T08:28:04.9763524+05:30" endTime="2026-07-29T08:28:09.3794616+05:30" testType="13cdc9d9-ddb5-4fa4-a97d-d965ccfc6d4b" outcome="Passed" testListId="8c84fa94-04c1-424b-9868-57a2d4851a1d" relativeResultsDirectory="c69c8f56-9742-4bca-a09d-bb4e4013dcd0" />
    <UnitTestResult executionId="cffa344b-d2f2-4efe-9fe2-c9638595019b" testId="fc9c52a9-2ebc-f0d3-2949-a10ecbcaa957" testName="Pharma.UiTests.ReportsUiTests.Include_zero_stock_hides_and_reveals_a_depleted_batch" computerName="DESKTOP-CNR9OSN" duration="00:00:09.8700170" startTime="2026-07-29T08:28:21.0529182+05:30" endTime="2026-07-29T08:28:30.9225800+05:30" testType="13cdc9d9-ddb5-4fa4-a97d-d965ccfc6d4b" outcome="Passed" testListId="8c84fa94-04c1-424b-9868-57a2d4851a1d" relativeResultsDirectory="cffa344b-d2f2-4efe-9fe2-c9638595019b" />
    <UnitTestResult executionId="540dd835-6f64-4027-a5e7-df86a58a3a6e" testId="ae27fd5c-e818-d445-21f0-a9d427a98813" testName="Pharma.UiTests.OpdUiTests.A_booking_appears_in_the_patients_visit_history" computerName="DESKTOP-CNR9OSN" duration="00:00:03.7127061" startTime="2026-07-29T08:27:57.0657568+05:30" endTime="2026-07-29T08:28:00.7778267+05:30" testType="13cdc9d9-ddb5-4fa4-a97d-d965ccfc6d4b" outcome="Passed" testListId="8c84fa94-04c1-424b-9868-57a2d4851a1d" relativeResultsDirectory="540dd835-6f64-4027-a5e7-df86a58a3a6e" />
    <UnitTestResult executionId="7e337e8b-7b77-447d-8d57-74f5d1b465bb" testId="402bca33-ca61-8bb4-cd84-2124a41de491" testName="Pharma.UiTests.SettingsUiTests.Shop_details_persist_across_screens" computerName="DESKTOP-CNR9OSN" duration="00:00:03.3500895" startTime="2026-07-29T08:26:42.4203307+05:30" endTime="2026-07-29T08:26:45.7326912+05:30" testType="13cdc9d9-ddb5-4fa4-a97d-d965ccfc6d4b" outcome="Passed" testListId="8c84fa94-04c1-424b-9868-57a2d4851a1d" relativeResultsDirectory="7e337e8b-7b77-447d-8d57-74f5d1b465bb" />
    <UnitTestResult executionId="4b39243d-2a6d-48d9-9cc1-64d976c313ce" testId="8eec723a-3d54-9056-841a-d8e7265006f7" testName="Pharma.UiTests.PharmacyUiTests.A_new_medicine_can_be_created_and_stocked" computerName="DESKTOP-CNR9OSN" duration="00:00:08.4171012" startTime="2026-07-29T08:27:23.6119466+05:30" endTime="2026-07-29T08:27:32.0279371+05:30" testType="13cdc9d9-ddb5-4fa4-a97d-d965ccfc6d4b" outcome="Passed" testListId="8c84fa94-04c1-424b-9868-57a2d4851a1d" relativeResultsDirectory="4b39243d-2a6d-48d9-9cc1-64d976c313ce" />
    <UnitTestResult executionId="dc932609-bb28-4a1a-bde8-6ab53d4d3850" testId="f5ffe7c0-cbbd-7fb7-f41b-932e507c955c" testName="Pharma.UiTests.PharmacyUiTests.Selling_at_mrp_extracts_gst_rather_than_adding_it" computerName="DESKTOP-CNR9OSN" duration="00:00:08.7146753" startTime="2026-07-29T08:27:14.8967344+05:30" endTime="2026-07-29T08:27:23.6106023+05:30" testType="13cdc9d9-ddb5-4fa4-a97d-d965ccfc6d4b" outcome="Passed" testListId="8c84fa94-04c1-424b-9868-57a2d4851a1d" relativeResultsDirectory="dc932609-bb28-4a1a-bde8-6ab53d4d3850" />
    <UnitTestResult executionId="895371bf-d156-4ee1-9072-6d8c319c85e9" testId="19cfedb9-a16f-e777-6c90-e9f9c553ff3a" testName="Pharma.UiTests.OpdUiTests.Reopening_a_completed_visit_moves_the_tile_back" computerName="DESKTOP-CNR9OSN" duration="00:00:03.5759902" startTime="2026-07-29T08:27:50.1140183+05:30" endTime="2026-07-29T08:27:53.6890664+05:30" testType="13cdc9d9-ddb5-4fa4-a97d-d965ccfc6d4b" outcome="Passed" testListId="8c84fa94-04c1-424b-9868-57a2d4851a1d" relativeResultsDirectory="895371bf-d156-4ee1-9072-6d8c319c85e9" />
    <UnitTestResult executionId="a05d4a17-d76d-4de4-9901-cb75ae79b7b8" testId="c579a003-613e-79cc-cb8d-2ecd8ea5d4d3" testName="Pharma.UiTests.ConsultationUiTests.Completing_a_consultation_moves_the_tile_to_completed" computerName="DESKTOP-CNR9OSN" duration="00:00:04.1367518" startTime="2026-07-29T08:28:57.4066693+05:30" endTime="2026-07-29T08:29:01.5429928+05:30" testType="13cdc9d9-ddb5-4fa4-a97d-d965ccfc6d4b" outcome="Passed" testListId="8c84fa94-04c1-424b-9868-57a2d4851a1d" relativeResultsDirectory="a05d4a17-d76d-4de4-9901-cb75ae79b7b8" />
    <UnitTestResult executionId="7135270a-60b1-43e3-8a42-70adb1335049" testId="27c969d1-a1d7-e414-e886-10bd4b06307c" testName="Pharma.UiTests.ReportsUiTests.Export_excel_writes_a_correctly_named_stock_register_workbook" computerName="DESKTOP-CNR9OSN" duration="00:00:12.7737591" startTime="2026-07-29T08:28:39.4992948+05:30" endTime="2026-07-29T08:28:52.2725950+05:30" testType="13cdc9d9-ddb5-4fa4-a97d-d965ccfc6d4b" outcome="Passed" testListId="8c84fa94-04c1-424b-9868-57a2d4851a1d" relativeResultsDirectory="7135270a-60b1-43e3-8a42-70adb1335049" />
    <UnitTestResult executionId="80166298-b60a-4f2f-b8e3-9ca39c654514" testId="e6bebfa4-0195-3792-b5c7-802a405759c7" testName="Pharma.UiTests.PharmacyUiTests.Saving_a_bill_numbers_it_and_deducts_the_stock" computerName="DESKTOP-CNR9OSN" duration="00:00:14.0356899" startTime="2026-07-29T08:26:52.5379530+05:30" endTime="2026-07-29T08:27:06.5705485+05:30" testType="13cdc9d9-ddb5-4fa4-a97d-d965ccfc6d4b" outcome="Passed" testListId="8c84fa94-04c1-424b-9868-57a2d4851a1d" relativeResultsDirectory="80166298-b60a-4f2f-b8e3-9ca39c654514" />
    <UnitTestResult executionId="deda207b-b325-4a05-9d71-1689f3b39a25" testId="c9d34c5a-acf6-58e3-5361-8ab2eec0bca6" testName="Pharma.UiTests.ReportsUiTests.Every_report_tab_shows_its_own_content(header: &quot;GST summary&quot;, grid: &quot;ReportsGstGrid&quot;)" computerName="DESKTOP-CNR9OSN" duration="00:00:00.6766124" startTime="2026-07-29T08:28:15.6015857+05:30" endTime="2026-07-29T08:28:16.2780969+05:30" testType="13cdc9d9-ddb5-4fa4-a97d-d965ccfc6d4b" outcome="Passed" testListId="8c84fa94-04c1-424b-9868-57a2d4851a1d" relativeResultsDirectory="deda207b-b325-4a05-9d71-1689f3b39a25" />
  </Results>
  <TestDefinitions>
    <UnitTest name="Pharma.UiTests.ReportsUiTests.Export_excel_writes_a_correctly_named_stock_register_workbook" storage="c:\users\srini\source\repos\yugandharsimhadri\hms_wpf\tests\pharma.uitests\bin\debug\net10.0-windows\pharma.uitests.dll" id="27c969d1-a1d7-e414-e886-10bd4b06307c">
      <Execution id="7135270a-60b1-43e3-8a42-70adb1335049" />
      <TestMethod codeBase="C:\Users\srini\source\repos\yugandharsimhadri\HMS_WPF\tests\Pharma.UiTests\bin\Debug\net10.0-windows\Pharma.UiTests.dll" adapterTypeName="executor://xunit/VsTestRunner3/netcore/" className="Pharma.UiTests.ReportsUiTests" name="Export_excel_writes_a_correctly_named_stock_register_workbook" />
    </UnitTest>
    <UnitTest name="Pharma.UiTests.OpdUiTests.Reopening_a_completed_visit_moves_the_tile_back" storage="c:\users\srini\source\repos\yugandharsimhadri\hms_wpf\tests\pharma.uitests\bin\debug\net10.0-windows\pharma.uitests.dll" id="19cfedb9-a16f-e777-6c90-e9f9c553ff3a">
      <Execution id="895371bf-d156-4ee1-9072-6d8c319c85e9" />
      <TestMethod codeBase="C:\Users\srini\source\repos\yugandharsimhadri\HMS_WPF\tests\Pharma.UiTests\bin\Debug\net10.0-windows\Pharma.UiTests.dll" adapterTypeName="executor://xunit/VsTestRunner3/netcore/" className="Pharma.UiTests.OpdUiTests" name="Reopening_a_completed_visit_moves_the_tile_back" />
    </UnitTest>
    <UnitTest name="Pharma.UiTests.ReportsUiTests.Reports_screen_opens_all_seven_tabs_and_the_stock_register_lists_real_stock" storage="c:\users\srini\source\repos\yugandharsimhadri\hms_wpf\tests\pharma.uitests\bin\debug\net10.0-windows\pharma.uitests.dll" id="b28697a2-b103-9a4e-7265-c887d1e17e91">
      <Execution id="7baadc58-cf9a-4acb-86b9-4c7052cb041e" />
      <TestMethod codeBase="C:\Users\srini\source\repos\yugandharsimhadri\HMS_WPF\tests\Pharma.UiTests\bin\Debug\net10.0-windows\Pharma.UiTests.dll" adapterTypeName="executor://xunit/VsTestRunner3/netcore/" className="Pharma.UiTests.ReportsUiTests" name="Reports_screen_opens_all_seven_tabs_and_the_stock_register_lists_real_stock" />
    </UnitTest>
    <UnitTest name="Pharma.UiTests.ReportsUiTests.Every_report_tab_shows_its_own_content(header: &quot;Part packs&quot;, grid: &quot;PartPacksGrid&quot;)" storage="c:\users\srini\source\repos\yugandharsimhadri\hms_wpf\tests\pharma.uitests\bin\debug\net10.0-windows\pharma.uitests.dll" id="0a92181a-862a-feab-7fe8-53c22b0a903f">
      <Execution id="50f26343-2d19-4048-8f05-d61ba01a2f36" />
      <TestMethod codeBase="C:\Users\srini\source\repos\yugandharsimhadri\HMS_WPF\tests\Pharma.UiTests\bin\Debug\net10.0-windows\Pharma.UiTests.dll" adapterTypeName="executor://xunit/VsTestRunner3/netcore/" className="Pharma.UiTests.ReportsUiTests" name="Every_report_tab_shows_its_own_content" />
    </UnitTest>
    <UnitTest name="Pharma.UiTests.ConsultationUiTests.Completing_a_consultation_moves_the_tile_to_completed" storage="c:\users\srini\source\repos\yugandharsimhadri\hms_wpf\tests\pharma.uitests\bin\debug\net10.0-windows\pharma.uitests.dll" id="c579a003-613e-79cc-cb8d-2ecd8ea5d4d3">
      <Execution id="a05d4a17-d76d-4de4-9901-cb75ae79b7b8" />
      <TestMethod codeBase="C:\Users\srini\source\repos\yugandharsimhadri\HMS_WPF\tests\Pharma.UiTests\bin\Debug\net10.0-windows\Pharma.UiTests.dll" adapterTypeName="executor://xunit/VsTestRunner3/netcore/" className="Pharma.UiTests.ConsultationUiTests" name="Completing_a_consultation_moves_the_tile_to_completed" />
    </UnitTest>
    <UnitTest name="Pharma.UiTests.PharmacyUiTests.A_new_medicine_can_be_created_and_stocked" storage="c:\users\srini\source\repos\yugandharsimhadri\hms_wpf\tests\pharma.uitests\bin\debug\net10.0-windows\pharma.uitests.dll" id="8eec723a-3d54-9056-841a-d8e7265006f7">
      <Execution id="4b39243d-2a6d-48d9-9cc1-64d976c313ce" />
      <TestMethod codeBase="C:\Users\srini\source\repos\yugandharsimhadri\HMS_WPF\tests\Pharma.UiTests\bin\Debug\net10.0-windows\Pharma.UiTests.dll" adapterTypeName="executor://xunit/VsTestRunner3/netcore/" className="Pharma.UiTests.PharmacyUiTests" name="A_new_medicine_can_be_created_and_stocked" />
    </UnitTest>
    <UnitTest name="Pharma.UiTests.ReportsUiTests.Every_report_tab_shows_its_own_content(header: &quot;GST summary&quot;, grid: &quot;ReportsGstGrid&quot;)" storage="c:\users\srini\source\repos\yugandharsimhadri\hms_wpf\tests\pharma.uitests\bin\debug\net10.0-windows\pharma.uitests.dll" id="c9d34c5a-acf6-58e3-5361-8ab2eec0bca6">
      <Execution id="deda207b-b325-4a05-9d71-1689f3b39a25" />
      <TestMethod codeBase="C:\Users\srini\source\repos\yugandharsimhadri\HMS_WPF\tests\Pharma.UiTests\bin\Debug\net10.0-windows\Pharma.UiTests.dll" adapterTypeName="executor://xunit/VsTestRunner3/netcore/" className="Pharma.UiTests.ReportsUiTests" name="Every_report_tab_shows_its_own_content" />
    </UnitTest>
    <UnitTest name="Pharma.UiTests.OpdUiTests.Booking_a_walk_in_puts_a_tile_in_the_waiting_column" storage="c:\users\srini\source\repos\yugandharsimhadri\hms_wpf\tests\pharma.uitests\bin\debug\net10.0-windows\pharma.uitests.dll" id="4c3eaea8-7f72-0c2d-e4f1-fcec4f9a3a8c">
      <Execution id="c69c8f56-9742-4bca-a09d-bb4e4013dcd0" />
      <TestMethod codeBase="C:\Users\srini\source\repos\yugandharsimhadri\HMS_WPF\tests\Pharma.UiTests\bin\Debug\net10.0-windows\Pharma.UiTests.dll" adapterTypeName="executor://xunit/VsTestRunner3/netcore/" className="Pharma.UiTests.OpdUiTests" name="Booking_a_walk_in_puts_a_tile_in_the_waiting_column" />
    </UnitTest>
    <UnitTest name="Pharma.UiTests.PharmacyUiTests.Saving_a_bill_numbers_it_and_deducts_the_stock" storage="c:\users\srini\source\repos\yugandharsimhadri\hms_wpf\tests\pharma.uitests\bin\debug\net10.0-windows\pharma.uitests.dll" id="e6bebfa4-0195-3792-b5c7-802a405759c7">
      <Execution id="80166298-b60a-4f2f-b8e3-9ca39c654514" />
      <TestMethod codeBase="C:\Users\srini\source\repos\yugandharsimhadri\HMS_WPF\tests\Pharma.UiTests\bin\Debug\net10.0-windows\Pharma.UiTests.dll" adapterTypeName="executor://xunit/VsTestRunner3/netcore/" className="Pharma.UiTests.PharmacyUiTests" name="Saving_a_bill_numbers_it_and_deducts_the_stock" />
    </UnitTest>
    <UnitTest name="Pharma.UiTests.ReportsUiTests.Every_report_tab_shows_its_own_content(header: &quot;Day book&quot;, grid: &quot;ReportsDayBookGrid&quot;)" storage="c:\users\srini\source\repos\yugandharsimhadri\hms_wpf\tests\pharma.uitests\bin\debug\net10.0-windows\pharma.uitests.dll" id="2c7b2f56-50f0-6c66-9aba-5ecbfbd00ec8">
      <Execution id="7d6c5d52-817f-42f8-8216-7b771bf7d136" />
      <TestMethod codeBase="C:\Users\srini\source\repos\yugandharsimhadri\HMS_WPF\tests\Pharma.UiTests\bin\Debug\net10.0-windows\Pharma.UiTests.dll" adapterTypeName="executor://xunit/VsTestRunner3/netcore/" className="Pharma.UiTests.ReportsUiTests" name="Every_report_tab_shows_its_own_content" />
    </UnitTest>
    <UnitTest name="Pharma.UiTests.ReportsUiTests.Every_report_tab_shows_its_own_content(header: &quot;Stock Register&quot;, grid: &quot;ReportsStockGrid&quot;)" storage="c:\users\srini\source\repos\yugandharsimhadri\hms_wpf\tests\pharma.uitests\bin\debug\net10.0-windows\pharma.uitests.dll" id="767cf13d-6a27-e48e-117a-e425565278f7">
      <Execution id="3c9ea2c1-a24e-4f63-95da-d6f8c360c896" />
      <TestMethod codeBase="C:\Users\srini\source\repos\yugandharsimhadri\HMS_WPF\tests\Pharma.UiTests\bin\Debug\net10.0-windows\Pharma.UiTests.dll" adapterTypeName="executor://xunit/VsTestRunner3/netcore/" className="Pharma.UiTests.ReportsUiTests" name="Every_report_tab_shows_its_own_content" />
    </UnitTest>
    <UnitTest name="Pharma.UiTests.PharmacyUiTests.Selling_at_mrp_extracts_gst_rather_than_adding_it" storage="c:\users\srini\source\repos\yugandharsimhadri\hms_wpf\tests\pharma.uitests\bin\debug\net10.0-windows\pharma.uitests.dll" id="f5ffe7c0-cbbd-7fb7-f41b-932e507c955c">
      <Execution id="dc932609-bb28-4a1a-bde8-6ab53d4d3850" />
      <TestMethod codeBase="C:\Users\srini\source\repos\yugandharsimhadri\HMS_WPF\tests\Pharma.UiTests\bin\Debug\net10.0-windows\Pharma.UiTests.dll" adapterTypeName="executor://xunit/VsTestRunner3/netcore/" className="Pharma.UiTests.PharmacyUiTests" name="Selling_at_mrp_extracts_gst_rather_than_adding_it" />
    </UnitTest>
    <UnitTest name="Pharma.UiTests.ConsultationUiTests.Leaving_with_unsaved_notes_asks_before_discarding_them" storage="c:\users\srini\source\repos\yugandharsimhadri\hms_wpf\tests\pharma.uitests\bin\debug\net10.0-windows\pharma.uitests.dll" id="30b08e7b-369b-324a-a58b-b0ff6f4d977b">
      <Execution id="ed6fef6c-e202-4bd3-8adf-37c3d5f79db3" />
      <TestMethod codeBase="C:\Users\srini\source\repos\yugandharsimhadri\HMS_WPF\tests\Pharma.UiTests\bin\Debug\net10.0-windows\Pharma.UiTests.dll" adapterTypeName="executor://xunit/VsTestRunner3/netcore/" className="Pharma.UiTests.ConsultationUiTests" name="Leaving_with_unsaved_notes_asks_before_discarding_them" />
    </UnitTest>
    <UnitTest name="Pharma.UiTests.ConsultationUiTests.Opening_a_consultation_from_a_tile_does_not_crash" storage="c:\users\srini\source\repos\yugandharsimhadri\hms_wpf\tests\pharma.uitests\bin\debug\net10.0-windows\pharma.uitests.dll" id="5c868d44-da9a-d911-5899-7065f87de4a3">
      <Execution id="437a2ef1-d69f-40c6-b315-b422109755ce" />
      <TestMethod codeBase="C:\Users\srini\source\repos\yugandharsimhadri\HMS_WPF\tests\Pharma.UiTests\bin\Debug\net10.0-windows\Pharma.UiTests.dll" adapterTypeName="executor://xunit/VsTestRunner3/netcore/" className="Pharma.UiTests.ConsultationUiTests" name="Opening_a_consultation_from_a_tile_does_not_crash" />
    </UnitTest>
    <UnitTest name="Pharma.UiTests.OpdUiTests.Editing_a_patient_saves_the_change" storage="c:\users\srini\source\repos\yugandharsimhadri\hms_wpf\tests\pharma.uitests\bin\debug\net10.0-windows\pharma.uitests.dll" id="1f616902-db9a-5d33-1f4e-b1a03a732a0c">
      <Execution id="ac213b21-67d6-4dff-8506-a743b173e6d7" />
      <TestMethod codeBase="C:\Users\srini\source\repos\yugandharsimhadri\HMS_WPF\tests\Pharma.UiTests\bin\Debug\net10.0-windows\Pharma.UiTests.dll" adapterTypeName="executor://xunit/VsTestRunner3/netcore/" className="Pharma.UiTests.OpdUiTests" name="Editing_a_patient_saves_the_change" />
    </UnitTest>
    <UnitTest name="Pharma.UiTests.ReportsUiTests.Every_report_tab_shows_its_own_content(header: &quot;Expiring soon&quot;, grid: &quot;ReportsExpiringGrid&quot;)" storage="c:\users\srini\source\repos\yugandharsimhadri\hms_wpf\tests\pharma.uitests\bin\debug\net10.0-windows\pharma.uitests.dll" id="35891994-f42d-37fb-03b2-ad87d180c44f">
      <Execution id="fd654939-4567-4b36-92b4-b660ec31b735" />
      <TestMethod codeBase="C:\Users\srini\source\repos\yugandharsimhadri\HMS_WPF\tests\Pharma.UiTests\bin\Debug\net10.0-windows\Pharma.UiTests.dll" adapterTypeName="executor://xunit/VsTestRunner3/netcore/" className="Pharma.UiTests.ReportsUiTests" name="Every_report_tab_shows_its_own_content" />
    </UnitTest>
    <UnitTest name="Pharma.UiTests.ReportsUiTests.Every_report_tab_shows_its_own_content(header: &quot;Low stock&quot;, grid: &quot;ReportsLowStockGrid&quot;)" storage="c:\users\srini\source\repos\yugandharsimhadri\hms_wpf\tests\pharma.uitests\bin\debug\net10.0-windows\pharma.uitests.dll" id="97daeea4-b45e-48ca-16ed-a52dbc636e75">
      <Execution id="54bbede6-a8b5-46e7-9252-bf551a1184ad" />
      <TestMethod codeBase="C:\Users\srini\source\repos\yugandharsimhadri\HMS_WPF\tests\Pharma.UiTests\bin\Debug\net10.0-windows\Pharma.UiTests.dll" adapterTypeName="executor://xunit/VsTestRunner3/netcore/" className="Pharma.UiTests.ReportsUiTests" name="Every_report_tab_shows_its_own_content" />
    </UnitTest>
    <UnitTest name="Pharma.UiTests.OpdUiTests.Marking_a_visit_done_moves_the_tile_to_completed" storage="c:\users\srini\source\repos\yugandharsimhadri\hms_wpf\tests\pharma.uitests\bin\debug\net10.0-windows\pharma.uitests.dll" id="1d53fcfd-4836-480f-0e4a-0f6a2a5e672b">
      <Execution id="5148c7ab-ff58-4003-9fc1-ad695e4771f8" />
      <TestMethod codeBase="C:\Users\srini\source\repos\yugandharsimhadri\HMS_WPF\tests\Pharma.UiTests\bin\Debug\net10.0-windows\Pharma.UiTests.dll" adapterTypeName="executor://xunit/VsTestRunner3/netcore/" className="Pharma.UiTests.OpdUiTests" name="Marking_a_visit_done_moves_the_tile_to_completed" />
    </UnitTest>
    <UnitTest name="Pharma.UiTests.ReportsUiTests.Include_zero_stock_hides_and_reveals_a_depleted_batch" storage="c:\users\srini\source\repos\yugandharsimhadri\hms_wpf\tests\pharma.uitests\bin\debug\net10.0-windows\pharma.uitests.dll" id="fc9c52a9-2ebc-f0d3-2949-a10ecbcaa957">
      <Execution id="cffa344b-d2f2-4efe-9fe2-c9638595019b" />
      <TestMethod codeBase="C:\Users\srini\source\repos\yugandharsimhadri\HMS_WPF\tests\Pharma.UiTests\bin\Debug\net10.0-windows\Pharma.UiTests.dll" adapterTypeName="executor://xunit/VsTestRunner3/netcore/" className="Pharma.UiTests.ReportsUiTests" name="Include_zero_stock_hides_and_reveals_a_depleted_batch" />
    </UnitTest>
    <UnitTest name="Pharma.UiTests.SettingsUiTests.Shop_details_persist_across_screens" storage="c:\users\srini\source\repos\yugandharsimhadri\hms_wpf\tests\pharma.uitests\bin\debug\net10.0-windows\pharma.uitests.dll" id="402bca33-ca61-8bb4-cd84-2124a41de491">
      <Execution id="7e337e8b-7b77-447d-8d57-74f5d1b465bb" />
      <TestMethod codeBase="C:\Users\srini\source\repos\yugandharsimhadri\HMS_WPF\tests\Pharma.UiTests\bin\Debug\net10.0-windows\Pharma.UiTests.dll" adapterTypeName="executor://xunit/VsTestRunner3/netcore/" className="Pharma.UiTests.SettingsUiTests" name="Shop_details_persist_across_screens" />
    </UnitTest>
    <UnitTest name="Pharma.UiTests.ReportsUiTests.Every_report_tab_shows_its_own_content(header: &quot;Schedule H1 register&quot;, grid: &quot;ReportsH1Grid&quot;)" storage="c:\users\srini\source\repos\yugandharsimhadri\hms_wpf\tests\pharma.uitests\bin\debug\net10.0-windows\pharma.uitests.dll" id="3a0ad6a8-fd70-177c-f848-ce3dd46305a4">
      <Execution id="b8115523-ffca-446e-8a87-da6267de3684" />
      <TestMethod codeBase="C:\Users\srini\source\repos\yugandharsimhadri\HMS_WPF\tests\Pharma.UiTests\bin\Debug\net10.0-windows\Pharma.UiTests.dll" adapterTypeName="executor://xunit/VsTestRunner3/netcore/" className="Pharma.UiTests.ReportsUiTests" name="Every_report_tab_shows_its_own_content" />
    </UnitTest>
    <UnitTest name="Pharma.UiTests.ReportsUiTests.Every_report_tab_shows_its_own_content(header: &quot;Stock to reconcile&quot;, grid: &quot;ReconcileGrid&quot;)" storage="c:\users\srini\source\repos\yugandharsimhadri\hms_wpf\tests\pharma.uitests\bin\debug\net10.0-windows\pharma.uitests.dll" id="0682f1c0-8c19-387c-75fb-65db54d01ece">
      <Execution id="9702b587-ec50-4100-987e-56fdb28fb368" />
      <TestMethod codeBase="C:\Users\srini\source\repos\yugandharsimhadri\HMS_WPF\tests\Pharma.UiTests\bin\Debug\net10.0-windows\Pharma.UiTests.dll" adapterTypeName="executor://xunit/VsTestRunner3/netcore/" className="Pharma.UiTests.ReportsUiTests" name="Every_report_tab_shows_its_own_content" />
    </UnitTest>
    <UnitTest name="Pharma.UiTests.OpdUiTests.A_booked_patient_reaches_the_patient_register_with_a_number" storage="c:\users\srini\source\repos\yugandharsimhadri\hms_wpf\tests\pharma.uitests\bin\debug\net10.0-windows\pharma.uitests.dll" id="7bd06895-9891-b5c6-4f35-0e06f169cc0d">
      <Execution id="422addbf-b139-4250-8879-8c0b17cad4f2" />
      <TestMethod codeBase="C:\Users\srini\source\repos\yugandharsimhadri\HMS_WPF\tests\Pharma.UiTests\bin\Debug\net10.0-windows\Pharma.UiTests.dll" adapterTypeName="executor://xunit/VsTestRunner3/netcore/" className="Pharma.UiTests.OpdUiTests" name="A_booked_patient_reaches_the_patient_register_with_a_number" />
    </UnitTest>
    <UnitTest name="Pharma.UiTests.PharmacyUiTests.The_day_book_shows_the_bill_that_was_just_saved" storage="c:\users\srini\source\repos\yugandharsimhadri\hms_wpf\tests\pharma.uitests\bin\debug\net10.0-windows\pharma.uitests.dll" id="642fc631-3996-de7a-d917-f828bd1a3e05">
      <Execution id="9f4c5b71-ffad-49c1-81eb-bd1bab53722f" />
      <TestMethod codeBase="C:\Users\srini\source\repos\yugandharsimhadri\HMS_WPF\tests\Pharma.UiTests\bin\Debug\net10.0-windows\Pharma.UiTests.dll" adapterTypeName="executor://xunit/VsTestRunner3/netcore/" className="Pharma.UiTests.PharmacyUiTests" name="The_day_book_shows_the_bill_that_was_just_saved" />
    </UnitTest>
    <UnitTest name="Pharma.UiTests.OpdUiTests.A_booking_appears_in_the_patients_visit_history" storage="c:\users\srini\source\repos\yugandharsimhadri\hms_wpf\tests\pharma.uitests\bin\debug\net10.0-windows\pharma.uitests.dll" id="ae27fd5c-e818-d445-21f0-a9d427a98813">
      <Execution id="540dd835-6f64-4027-a5e7-df86a58a3a6e" />
      <TestMethod codeBase="C:\Users\srini\source\repos\yugandharsimhadri\HMS_WPF\tests\Pharma.UiTests\bin\Debug\net10.0-windows\Pharma.UiTests.dll" adapterTypeName="executor://xunit/VsTestRunner3/netcore/" className="Pharma.UiTests.OpdUiTests" name="A_booking_appears_in_the_patients_visit_history" />
    </UnitTest>
    <UnitTest name="Pharma.UiTests.ReportsUiTests.Every_report_tab_shows_its_own_content(header: &quot;OPD register&quot;, grid: &quot;ReportsOpdGrid&quot;)" storage="c:\users\srini\source\repos\yugandharsimhadri\hms_wpf\tests\pharma.uitests\bin\debug\net10.0-windows\pharma.uitests.dll" id="f4fbd357-385d-bfd8-f2f8-21b9d00aef57">
      <Execution id="734e3a06-c214-4ec0-b166-23ed22141611" />
      <TestMethod codeBase="C:\Users\srini\source\repos\yugandharsimhadri\HMS_WPF\tests\Pharma.UiTests\bin\Debug\net10.0-windows\Pharma.UiTests.dll" adapterTypeName="executor://xunit/VsTestRunner3/netcore/" className="Pharma.UiTests.ReportsUiTests" name="Every_report_tab_shows_its_own_content" />
    </UnitTest>
  </TestDefinitions>
  <TestEntries>
    <TestEntry testId="3a0ad6a8-fd70-177c-f848-ce3dd46305a4" executionId="b8115523-ffca-446e-8a87-da6267de3684" testListId="8c84fa94-04c1-424b-9868-57a2d4851a1d" />
    <TestEntry testId="35891994-f42d-37fb-03b2-ad87d180c44f" executionId="fd654939-4567-4b36-92b4-b660ec31b735" testListId="8c84fa94-04c1-424b-9868-57a2d4851a1d" />
    <TestEntry testId="1d53fcfd-4836-480f-0e4a-0f6a2a5e672b" executionId="5148c7ab-ff58-4003-9fc1-ad695e4771f8" testListId="8c84fa94-04c1-424b-9868-57a2d4851a1d" />
    <TestEntry testId="0a92181a-862a-feab-7fe8-53c22b0a903f" executionId="50f26343-2d19-4048-8f05-d61ba01a2f36" testListId="8c84fa94-04c1-424b-9868-57a2d4851a1d" />
    <TestEntry testId="7bd06895-9891-b5c6-4f35-0e06f169cc0d" executionId="422addbf-b139-4250-8879-8c0b17cad4f2" testListId="8c84fa94-04c1-424b-9868-57a2d4851a1d" />
    <TestEntry testId="0682f1c0-8c19-387c-75fb-65db54d01ece" executionId="9702b587-ec50-4100-987e-56fdb28fb368" testListId="8c84fa94-04c1-424b-9868-57a2d4851a1d" />
    <TestEntry testId="642fc631-3996-de7a-d917-f828bd1a3e05" executionId="9f4c5b71-ffad-49c1-81eb-bd1bab53722f" testListId="8c84fa94-04c1-424b-9868-57a2d4851a1d" />
    <TestEntry testId="b28697a2-b103-9a4e-7265-c887d1e17e91" executionId="7baadc58-cf9a-4acb-86b9-4c7052cb041e" testListId="8c84fa94-04c1-424b-9868-57a2d4851a1d" />
    <TestEntry testId="97daeea4-b45e-48ca-16ed-a52dbc636e75" executionId="54bbede6-a8b5-46e7-9252-bf551a1184ad" testListId="8c84fa94-04c1-424b-9868-57a2d4851a1d" />
    <TestEntry testId="f4fbd357-385d-bfd8-f2f8-21b9d00aef57" executionId="734e3a06-c214-4ec0-b166-23ed22141611" testListId="8c84fa94-04c1-424b-9868-57a2d4851a1d" />
    <TestEntry testId="767cf13d-6a27-e48e-117a-e425565278f7" executionId="3c9ea2c1-a24e-4f63-95da-d6f8c360c896" testListId="8c84fa94-04c1-424b-9868-57a2d4851a1d" />
    <TestEntry testId="5c868d44-da9a-d911-5899-7065f87de4a3" executionId="437a2ef1-d69f-40c6-b315-b422109755ce" testListId="8c84fa94-04c1-424b-9868-57a2d4851a1d" />
    <TestEntry testId="2c7b2f56-50f0-6c66-9aba-5ecbfbd00ec8" executionId="7d6c5d52-817f-42f8-8216-7b771bf7d136" testListId="8c84fa94-04c1-424b-9868-57a2d4851a1d" />
    <TestEntry testId="30b08e7b-369b-324a-a58b-b0ff6f4d977b" executionId="ed6fef6c-e202-4bd3-8adf-37c3d5f79db3" testListId="8c84fa94-04c1-424b-9868-57a2d4851a1d" />
    <TestEntry testId="1f616902-db9a-5d33-1f4e-b1a03a732a0c" executionId="ac213b21-67d6-4dff-8506-a743b173e6d7" testListId="8c84fa94-04c1-424b-9868-57a2d4851a1d" />
    <TestEntry testId="4c3eaea8-7f72-0c2d-e4f1-fcec4f9a3a8c" executionId="c69c8f56-9742-4bca-a09d-bb4e4013dcd0" testListId="8c84fa94-04c1-424b-9868-57a2d4851a1d" />
    <TestEntry testId="fc9c52a9-2ebc-f0d3-2949-a10ecbcaa957" executionId="cffa344b-d2f2-4efe-9fe2-c9638595019b" testListId="8c84fa94-04c1-424b-9868-57a2d4851a1d" />
    <TestEntry testId="ae27fd5c-e818-d445-21f0-a9d427a98813" executionId="540dd835-6f64-4027-a5e7-df86a58a3a6e" testListId="8c84fa94-04c1-424b-9868-57a2d4851a1d" />
    <TestEntry testId="402bca33-ca61-8bb4-cd84-2124a41de491" executionId="7e337e8b-7b77-447d-8d57-74f5d1b465bb" testListId="8c84fa94-04c1-424b-9868-57a2d4851a1d" />
    <TestEntry testId="8eec723a-3d54-9056-841a-d8e7265006f7" executionId="4b39243d-2a6d-48d9-9cc1-64d976c313ce" testListId="8c84fa94-04c1-424b-9868-57a2d4851a1d" />
    <TestEntry testId="f5ffe7c0-cbbd-7fb7-f41b-932e507c955c" executionId="dc932609-bb28-4a1a-bde8-6ab53d4d3850" testListId="8c84fa94-04c1-424b-9868-57a2d4851a1d" />
    <TestEntry testId="19cfedb9-a16f-e777-6c90-e9f9c553ff3a" executionId="895371bf-d156-4ee1-9072-6d8c319c85e9" testListId="8c84fa94-04c1-424b-9868-57a2d4851a1d" />
    <TestEntry testId="c579a003-613e-79cc-cb8d-2ecd8ea5d4d3" executionId="a05d4a17-d76d-4de4-9901-cb75ae79b7b8" testListId="8c84fa94-04c1-424b-9868-57a2d4851a1d" />
    <TestEntry testId="27c969d1-a1d7-e414-e886-10bd4b06307c" executionId="7135270a-60b1-43e3-8a42-70adb1335049" testListId="8c84fa94-04c1-424b-9868-57a2d4851a1d" />
    <TestEntry testId="e6bebfa4-0195-3792-b5c7-802a405759c7" executionId="80166298-b60a-4f2f-b8e3-9ca39c654514" testListId="8c84fa94-04c1-424b-9868-57a2d4851a1d" />
    <TestEntry testId="c9d34c5a-acf6-58e3-5361-8ab2eec0bca6" executionId="deda207b-b325-4a05-9d71-1689f3b39a25" testListId="8c84fa94-04c1-424b-9868-57a2d4851a1d" />
  </TestEntries>
  <TestLists>
    <TestList name="Results Not in a List" id="8c84fa94-04c1-424b-9868-57a2d4851a1d" />
    <TestList name="All Loaded Results" id="19431567-8539-422a-85d7-44ee4e166bda" />
  </TestLists>
  <ResultSummary outcome="Completed">
    <Counters total="26" executed="26" passed="26" failed="0" error="0" timeout="0" aborted="0" inconclusive="0" passedButRunAborted="0" notRunnable="0" notExecuted="0" disconnected="0" warning="0" completed="0" inProgress="0" pending="0" />
    <Output>
      <StdOut>[xUnit.net 00:00:00.00] xUnit.net VSTest Adapter v3.1.4+50e68bbb8b (64-bit .NET 10.0.9)&#xD;
[xUnit.net 00:00:00.24]   Discovering: Pharma.UiTests&#xD;
[xUnit.net 00:00:00.41]   Discovered:  Pharma.UiTests&#xD;
[xUnit.net 00:00:00.49]   Starting:    Pharma.UiTests&#xD;
[xUnit.net 00:02:36.95]   Finished:    Pharma.UiTests&#xD;
</StdOut>
    </Output>
  </ResultSummary>
</TestRun>